{
  "total_fixture_pages": 3,
  "header_footer_pages_processed": 3,
  "additional_pages_processed": 0,
  "total_sections_found": 0,
  "total_tables_found": 0,
  "total_figures_found": 0
}