{
  "total_pages": 6,
  "analysis_type": "comprehensive_pattern_analysis",
  "provider_configured": true,
  "has_toc_detected": true,
  "toc_entries_count": 6,
  "section_headings_count": 0
}